2026-05-19 08:46:31,208 INFO Loaded 3971 DOIs from dois_to_fetch.txt
2026-05-19 08:46:31,208 INFO Already processed (resuming): 0
2026-05-19 08:46:31,209 INFO To process this run: 5
2026-05-19 08:46:36,951 INFO [5/5] validated=5 no_abstract=0 | CR=5 OA=0 EPMC=0
2026-05-19 08:46:37,952 INFO Done.
2026-05-19 08:46:37,953 INFO Final stats: {"validated": 5, "no_abstract": 0, "by_source": {"crossref": 5, "openalex": 0, "europepmc": 0}}
2026-05-19 08:50:20,660 INFO Loaded 3971 DOIs from dois_to_fetch.txt
2026-05-19 08:50:20,660 INFO Already processed (resuming): 5
2026-05-19 08:50:20,661 INFO To process this run: 3966
2026-05-19 08:50:53,307 INFO [25/3966] validated=25 no_abstract=0 | CR=25 OA=0 EPMC=0
2026-05-19 08:51:26,957 INFO [50/3966] validated=50 no_abstract=0 | CR=50 OA=0 EPMC=0
2026-05-19 08:52:00,583 INFO [75/3966] validated=75 no_abstract=0 | CR=75 OA=0 EPMC=0
2026-05-19 08:52:35,262 INFO [100/3966] validated=100 no_abstract=0 | CR=100 OA=0 EPMC=0
2026-05-19 08:53:08,840 INFO [125/3966] validated=125 no_abstract=0 | CR=125 OA=0 EPMC=0
2026-05-19 08:53:42,463 INFO [150/3966] validated=150 no_abstract=0 | CR=150 OA=0 EPMC=0
2026-05-19 08:54:17,305 INFO [175/3966] validated=175 no_abstract=0 | CR=174 OA=0 EPMC=1
2026-05-19 08:54:50,883 INFO [200/3966] validated=200 no_abstract=0 | CR=199 OA=0 EPMC=1
2026-05-19 08:55:24,567 INFO [225/3966] validated=225 no_abstract=0 | CR=224 OA=0 EPMC=1
2026-05-19 08:55:59,171 INFO [250/3966] validated=250 no_abstract=0 | CR=248 OA=1 EPMC=1
2026-05-19 08:56:34,375 INFO [275/3966] validated=274 no_abstract=1 | CR=272 OA=1 EPMC=1
2026-05-19 08:57:08,563 INFO [300/3966] validated=299 no_abstract=1 | CR=296 OA=2 EPMC=1
2026-05-19 08:57:42,196 INFO [325/3966] validated=324 no_abstract=1 | CR=321 OA=2 EPMC=1
2026-05-19 08:58:15,867 INFO [350/3966] validated=349 no_abstract=1 | CR=346 OA=2 EPMC=1
2026-05-19 08:58:49,497 INFO [375/3966] validated=374 no_abstract=1 | CR=371 OA=2 EPMC=1
2026-05-19 08:59:24,508 INFO [400/3966] validated=399 no_abstract=1 | CR=395 OA=2 EPMC=2
2026-05-19 09:00:29,525 INFO [425/3966] validated=420 no_abstract=5 | CR=395 OA=4 EPMC=21
2026-05-19 09:01:32,091 INFO [450/3966] validated=438 no_abstract=12 | CR=398 OA=5 EPMC=35
2026-05-19 09:02:30,869 INFO [475/3966] validated=459 no_abstract=16 | CR=398 OA=5 EPMC=56
2026-05-19 09:03:28,269 INFO [500/3966] validated=476 no_abstract=24 | CR=399 OA=7 EPMC=70
2026-05-19 09:04:28,120 INFO [525/3966] validated=482 no_abstract=43 | CR=399 OA=9 EPMC=74
2026-05-19 09:05:26,762 INFO [550/3966] validated=504 no_abstract=46 | CR=400 OA=9 EPMC=95
2026-05-19 09:06:29,948 INFO [575/3966] validated=505 no_abstract=70 | CR=400 OA=9 EPMC=96
2026-05-19 09:07:31,403 INFO [600/3966] validated=505 no_abstract=95 | CR=400 OA=9 EPMC=96
2026-05-19 09:08:31,126 INFO [625/3966] validated=507 no_abstract=118 | CR=401 OA=10 EPMC=96
2026-05-19 09:09:32,808 INFO [650/3966] validated=513 no_abstract=137 | CR=401 OA=11 EPMC=101
2026-05-19 09:10:31,418 INFO [675/3966] validated=527 no_abstract=148 | CR=402 OA=12 EPMC=113
2026-05-19 09:11:31,395 INFO [700/3966] validated=548 no_abstract=152 | CR=402 OA=14 EPMC=132
2026-05-19 09:12:31,085 INFO [725/3966] validated=573 no_abstract=152 | CR=403 OA=14 EPMC=156
2026-05-19 09:13:27,731 INFO [750/3966] validated=588 no_abstract=162 | CR=406 OA=20 EPMC=162
2026-05-19 09:14:28,426 INFO [775/3966] validated=605 no_abstract=170 | CR=406 OA=20 EPMC=179
2026-05-19 09:15:30,336 INFO [800/3966] validated=615 no_abstract=185 | CR=407 OA=22 EPMC=186
2026-05-19 09:16:32,424 INFO [825/3966] validated=640 no_abstract=185 | CR=407 OA=23 EPMC=210
2026-05-19 09:17:29,478 INFO [850/3966] validated=665 no_abstract=185 | CR=407 OA=24 EPMC=234
2026-05-19 09:18:30,235 INFO [875/3966] validated=678 no_abstract=197 | CR=408 OA=28 EPMC=242
2026-05-19 09:19:27,368 INFO [900/3966] validated=698 no_abstract=202 | CR=408 OA=30 EPMC=260
2026-05-19 09:20:26,579 INFO [925/3966] validated=722 no_abstract=203 | CR=408 OA=31 EPMC=283
2026-05-19 09:21:24,088 INFO [950/3966] validated=747 no_abstract=203 | CR=408 OA=31 EPMC=308
2026-05-19 09:22:22,327 INFO [975/3966] validated=758 no_abstract=217 | CR=408 OA=32 EPMC=318
2026-05-19 09:23:22,666 INFO [1000/3966] validated=766 no_abstract=234 | CR=408 OA=32 EPMC=326
2026-05-19 09:24:26,396 INFO [1025/3966] validated=766 no_abstract=259 | CR=408 OA=32 EPMC=326
2026-05-19 09:25:27,136 INFO [1050/3966] validated=766 no_abstract=284 | CR=408 OA=32 EPMC=326
2026-05-19 09:26:38,169 INFO [1075/3966] validated=766 no_abstract=309 | CR=408 OA=32 EPMC=326
2026-05-19 09:27:37,801 INFO [1100/3966] validated=769 no_abstract=331 | CR=408 OA=34 EPMC=327
2026-05-19 09:28:36,378 INFO [1125/3966] validated=785 no_abstract=340 | CR=408 OA=36 EPMC=341
2026-05-19 09:29:36,568 INFO [1150/3966] validated=804 no_abstract=346 | CR=408 OA=37 EPMC=359
2026-05-19 09:30:34,225 INFO [1175/3966] validated=826 no_abstract=349 | CR=408 OA=38 EPMC=380
2026-05-19 09:31:37,573 INFO [1200/3966] validated=827 no_abstract=373 | CR=408 OA=38 EPMC=381
2026-05-19 09:32:40,725 INFO [1225/3966] validated=830 no_abstract=395 | CR=408 OA=41 EPMC=381
2026-05-19 09:33:40,787 INFO [1250/3966] validated=854 no_abstract=396 | CR=408 OA=41 EPMC=405
2026-05-19 09:34:40,717 INFO [1275/3966] validated=867 no_abstract=408 | CR=408 OA=42 EPMC=417
2026-05-19 09:35:40,210 INFO [1300/3966] validated=888 no_abstract=412 | CR=408 OA=42 EPMC=438
2026-05-19 09:36:37,356 INFO [1325/3966] validated=912 no_abstract=413 | CR=408 OA=45 EPMC=459
2026-05-19 09:37:42,834 INFO [1350/3966] validated=912 no_abstract=438 | CR=408 OA=45 EPMC=459
2026-05-19 09:38:44,658 INFO [1375/3966] validated=920 no_abstract=455 | CR=408 OA=46 EPMC=466
2026-05-19 09:39:42,833 INFO [1400/3966] validated=937 no_abstract=463 | CR=408 OA=46 EPMC=483
2026-05-19 09:40:42,497 INFO [1425/3966] validated=961 no_abstract=464 | CR=408 OA=47 EPMC=506
2026-05-19 09:41:43,352 INFO [1450/3966] validated=970 no_abstract=480 | CR=408 OA=48 EPMC=514
2026-05-19 09:42:44,582 INFO [1475/3966] validated=974 no_abstract=501 | CR=408 OA=48 EPMC=518
2026-05-19 09:43:47,874 INFO [1500/3966] validated=984 no_abstract=516 | CR=408 OA=48 EPMC=528
2026-05-19 09:44:48,262 INFO [1525/3966] validated=987 no_abstract=538 | CR=408 OA=48 EPMC=531
2026-05-19 09:45:49,778 INFO [1550/3966] validated=993 no_abstract=557 | CR=408 OA=51 EPMC=534
2026-05-19 09:46:51,388 INFO [1575/3966] validated=997 no_abstract=578 | CR=408 OA=51 EPMC=538
2026-05-19 09:47:49,831 INFO [1600/3966] validated=1005 no_abstract=595 | CR=408 OA=57 EPMC=540
2026-05-19 09:48:50,616 INFO [1625/3966] validated=1009 no_abstract=616 | CR=408 OA=57 EPMC=544
2026-05-19 09:49:50,715 INFO [1650/3966] validated=1018 no_abstract=632 | CR=408 OA=60 EPMC=550
2026-05-19 09:50:48,090 INFO [1675/3966] validated=1027 no_abstract=648 | CR=408 OA=64 EPMC=555
2026-05-19 09:51:47,237 INFO [1700/3966] validated=1034 no_abstract=666 | CR=408 OA=67 EPMC=559
2026-05-19 09:52:48,895 INFO [1725/3966] validated=1039 no_abstract=686 | CR=408 OA=67 EPMC=564
2026-05-19 09:53:47,596 INFO [1750/3966] validated=1059 no_abstract=691 | CR=408 OA=69 EPMC=582
2026-05-19 09:54:45,104 INFO [1775/3966] validated=1084 no_abstract=691 | CR=408 OA=69 EPMC=607
2026-05-19 09:55:42,683 INFO [1800/3966] validated=1107 no_abstract=693 | CR=408 OA=70 EPMC=629
2026-05-19 09:56:44,804 INFO [1825/3966] validated=1108 no_abstract=717 | CR=408 OA=71 EPMC=629
2026-05-19 09:57:44,848 INFO [1850/3966] validated=1112 no_abstract=738 | CR=408 OA=74 EPMC=630
2026-05-19 09:58:42,253 INFO [1875/3966] validated=1134 no_abstract=741 | CR=408 OA=74 EPMC=652
2026-05-19 09:59:39,148 INFO [1900/3966] validated=1157 no_abstract=743 | CR=408 OA=76 EPMC=673
2026-05-19 10:00:32,917 INFO [1925/3966] validated=1177 no_abstract=748 | CR=409 OA=85 EPMC=683
2026-05-19 10:01:28,052 INFO [1950/3966] validated=1202 no_abstract=748 | CR=409 OA=110 EPMC=683
2026-05-19 10:02:14,819 INFO [1975/3966] validated=1227 no_abstract=748 | CR=409 OA=134 EPMC=684
2026-05-19 10:03:02,165 INFO [2000/3966] validated=1251 no_abstract=749 | CR=409 OA=158 EPMC=684
2026-05-19 10:03:49,859 INFO [2025/3966] validated=1276 no_abstract=749 | CR=409 OA=183 EPMC=684
2026-05-19 10:04:37,181 INFO [2050/3966] validated=1301 no_abstract=749 | CR=409 OA=208 EPMC=684
2026-05-19 10:05:23,965 INFO [2075/3966] validated=1326 no_abstract=749 | CR=409 OA=233 EPMC=684
2026-05-19 10:06:11,629 INFO [2100/3966] validated=1351 no_abstract=749 | CR=409 OA=257 EPMC=685
2026-05-19 10:06:59,160 INFO [2125/3966] validated=1375 no_abstract=750 | CR=409 OA=281 EPMC=685
2026-05-19 10:07:47,089 INFO [2150/3966] validated=1400 no_abstract=750 | CR=409 OA=306 EPMC=685
2026-05-19 10:08:34,586 INFO [2175/3966] validated=1425 no_abstract=750 | CR=409 OA=331 EPMC=685
2026-05-19 10:09:22,144 INFO [2200/3966] validated=1450 no_abstract=750 | CR=409 OA=356 EPMC=685
2026-05-19 10:10:10,043 INFO [2225/3966] validated=1475 no_abstract=750 | CR=409 OA=381 EPMC=685
2026-05-19 10:10:58,045 INFO [2250/3966] validated=1500 no_abstract=750 | CR=409 OA=406 EPMC=685
2026-05-19 10:11:44,902 INFO [2275/3966] validated=1525 no_abstract=750 | CR=409 OA=431 EPMC=685
2026-05-19 10:12:32,928 INFO [2300/3966] validated=1550 no_abstract=750 | CR=409 OA=456 EPMC=685
2026-05-19 10:13:20,829 INFO [2325/3966] validated=1575 no_abstract=750 | CR=409 OA=481 EPMC=685
2026-05-19 10:14:08,105 INFO [2350/3966] validated=1600 no_abstract=750 | CR=409 OA=506 EPMC=685
2026-05-19 10:14:56,140 INFO [2375/3966] validated=1624 no_abstract=751 | CR=409 OA=530 EPMC=685
2026-05-19 10:15:45,483 INFO [2400/3966] validated=1648 no_abstract=752 | CR=411 OA=549 EPMC=688
2026-05-19 10:16:41,464 INFO [2425/3966] validated=1667 no_abstract=758 | CR=414 OA=553 EPMC=700
2026-05-19 10:17:36,173 INFO [2450/3966] validated=1690 no_abstract=760 | CR=416 OA=571 EPMC=703
2026-05-19 10:18:32,863 INFO [2475/3966] validated=1712 no_abstract=763 | CR=418 OA=584 EPMC=710
2026-05-19 10:19:23,568 INFO [2500/3966] validated=1735 no_abstract=765 | CR=419 OA=601 EPMC=715
2026-05-19 10:20:15,474 INFO [2525/3966] validated=1755 no_abstract=770 | CR=421 OA=612 EPMC=722
2026-05-19 10:21:09,595 INFO [2550/3966] validated=1774 no_abstract=776 | CR=422 OA=622 EPMC=730
2026-05-19 10:22:02,315 INFO [2575/3966] validated=1791 no_abstract=784 | CR=426 OA=630 EPMC=735
2026-05-19 10:22:55,783 INFO [2600/3966] validated=1809 no_abstract=791 | CR=429 OA=638 EPMC=742
2026-05-19 10:23:52,662 INFO [2625/3966] validated=1829 no_abstract=796 | CR=430 OA=651 EPMC=748
2026-05-19 10:24:46,014 INFO [2650/3966] validated=1847 no_abstract=803 | CR=431 OA=665 EPMC=751
2026-05-19 10:25:39,523 INFO [2675/3966] validated=1863 no_abstract=812 | CR=431 OA=676 EPMC=756
2026-05-19 10:26:13,466 INFO [2700/3966] validated=1888 no_abstract=812 | CR=456 OA=676 EPMC=756
2026-05-19 10:27:02,400 INFO [2725/3966] validated=1910 no_abstract=815 | CR=460 OA=694 EPMC=756
2026-05-19 10:27:52,693 INFO [2750/3966] validated=1931 no_abstract=819 | CR=472 OA=703 EPMC=756
2026-05-19 10:28:26,544 INFO [2775/3966] validated=1956 no_abstract=819 | CR=497 OA=703 EPMC=756
2026-05-19 10:29:00,281 INFO [2800/3966] validated=1981 no_abstract=819 | CR=522 OA=703 EPMC=756
2026-05-19 10:29:35,049 INFO [2825/3966] validated=2006 no_abstract=819 | CR=546 OA=704 EPMC=756
2026-05-19 10:30:08,810 INFO [2850/3966] validated=2031 no_abstract=819 | CR=571 OA=704 EPMC=756
2026-05-19 10:30:43,880 INFO [2875/3966] validated=2055 no_abstract=820 | CR=595 OA=704 EPMC=756
2026-05-19 10:31:33,935 INFO [2900/3966] validated=2078 no_abstract=822 | CR=595 OA=727 EPMC=756
2026-05-19 10:32:21,743 INFO [2925/3966] validated=2103 no_abstract=822 | CR=595 OA=752 EPMC=756
2026-05-19 10:33:09,978 INFO [2950/3966] validated=2127 no_abstract=823 | CR=595 OA=776 EPMC=756
2026-05-19 10:33:56,452 INFO [2975/3966] validated=2152 no_abstract=823 | CR=595 OA=801 EPMC=756
2026-05-19 10:34:45,117 INFO [3000/3966] validated=2176 no_abstract=824 | CR=595 OA=825 EPMC=756
2026-05-19 10:35:32,643 INFO [3025/3966] validated=2201 no_abstract=824 | CR=595 OA=850 EPMC=756
2026-05-19 10:36:21,764 INFO [3050/3966] validated=2226 no_abstract=824 | CR=595 OA=875 EPMC=756
2026-05-19 10:37:10,779 INFO [3075/3966] validated=2251 no_abstract=824 | CR=595 OA=900 EPMC=756
2026-05-19 10:37:58,760 INFO [3100/3966] validated=2275 no_abstract=825 | CR=595 OA=924 EPMC=756
2026-05-19 10:38:46,639 INFO [3125/3966] validated=2299 no_abstract=826 | CR=595 OA=948 EPMC=756
2026-05-19 10:39:33,973 INFO [3150/3966] validated=2324 no_abstract=826 | CR=595 OA=973 EPMC=756
2026-05-19 10:40:23,086 INFO [3175/3966] validated=2347 no_abstract=828 | CR=595 OA=996 EPMC=756
2026-05-19 10:41:11,733 INFO [3200/3966] validated=2371 no_abstract=829 | CR=595 OA=1020 EPMC=756
2026-05-19 10:41:58,066 INFO [3225/3966] validated=2396 no_abstract=829 | CR=595 OA=1045 EPMC=756
2026-05-19 10:42:47,118 INFO [3250/3966] validated=2420 no_abstract=830 | CR=595 OA=1069 EPMC=756
2026-05-19 10:43:35,736 INFO [3275/3966] validated=2444 no_abstract=831 | CR=595 OA=1093 EPMC=756
2026-05-19 10:44:23,753 INFO [3300/3966] validated=2469 no_abstract=831 | CR=595 OA=1118 EPMC=756
2026-05-19 10:45:11,065 INFO [3325/3966] validated=2494 no_abstract=831 | CR=595 OA=1143 EPMC=756
2026-05-19 10:45:59,831 INFO [3350/3966] validated=2518 no_abstract=832 | CR=595 OA=1167 EPMC=756
2026-05-19 10:46:48,293 INFO [3375/3966] validated=2542 no_abstract=833 | CR=595 OA=1191 EPMC=756
2026-05-19 10:47:35,980 INFO [3400/3966] validated=2566 no_abstract=834 | CR=595 OA=1215 EPMC=756
2026-05-19 10:48:25,326 INFO [3425/3966] validated=2591 no_abstract=834 | CR=595 OA=1240 EPMC=756
2026-05-19 10:49:13,718 INFO [3450/3966] validated=2615 no_abstract=835 | CR=595 OA=1264 EPMC=756
2026-05-19 10:50:01,189 INFO [3475/3966] validated=2640 no_abstract=835 | CR=595 OA=1289 EPMC=756
2026-05-19 10:50:49,379 INFO [3500/3966] validated=2665 no_abstract=835 | CR=595 OA=1314 EPMC=756
2026-05-19 10:51:37,617 INFO [3525/3966] validated=2689 no_abstract=836 | CR=595 OA=1338 EPMC=756
2026-05-19 10:52:24,785 INFO [3550/3966] validated=2714 no_abstract=836 | CR=595 OA=1363 EPMC=756
2026-05-19 10:53:14,682 INFO [3575/3966] validated=2738 no_abstract=837 | CR=595 OA=1387 EPMC=756
2026-05-19 10:54:03,015 INFO [3600/3966] validated=2761 no_abstract=839 | CR=595 OA=1410 EPMC=756
2026-05-19 10:54:51,670 INFO [3625/3966] validated=2783 no_abstract=842 | CR=595 OA=1432 EPMC=756
2026-05-19 10:55:38,968 INFO [3650/3966] validated=2806 no_abstract=844 | CR=595 OA=1455 EPMC=756
2026-05-19 10:56:25,701 INFO [3675/3966] validated=2830 no_abstract=845 | CR=595 OA=1479 EPMC=756
2026-05-19 10:57:07,441 INFO [3700/3966] validated=2854 no_abstract=846 | CR=607 OA=1491 EPMC=756
2026-05-19 10:57:55,310 INFO [3725/3966] validated=2874 no_abstract=851 | CR=613 OA=1504 EPMC=757
2026-05-19 10:58:36,250 INFO [3750/3966] validated=2896 no_abstract=854 | CR=629 OA=1509 EPMC=758
2026-05-19 10:59:11,946 INFO [3775/3966] validated=2921 no_abstract=854 | CR=651 OA=1511 EPMC=759
2026-05-19 10:59:50,099 INFO [3800/3966] validated=2946 no_abstract=854 | CR=669 OA=1518 EPMC=759
2026-05-19 11:00:43,213 INFO [3825/3966] validated=2965 no_abstract=860 | CR=677 OA=1526 EPMC=762
2026-05-19 11:01:16,869 INFO [3850/3966] validated=2990 no_abstract=860 | CR=702 OA=1526 EPMC=762
2026-05-19 11:01:59,375 INFO [3875/3966] validated=3011 no_abstract=864 | CR=715 OA=1534 EPMC=762
2026-05-19 11:02:40,246 INFO [3900/3966] validated=3034 no_abstract=866 | CR=732 OA=1540 EPMC=762
2026-05-19 11:03:21,641 INFO [3925/3966] validated=3058 no_abstract=867 | CR=748 OA=1548 EPMC=762
2026-05-19 11:04:02,347 INFO [3950/3966] validated=3078 no_abstract=872 | CR=767 OA=1549 EPMC=762
2026-05-19 11:04:38,431 INFO [3966/3966] validated=3090 no_abstract=876 | CR=775 OA=1553 EPMC=762
2026-05-19 11:04:39,432 INFO Done.
2026-05-19 11:04:39,433 INFO Final stats: {"validated": 3090, "no_abstract": 876, "by_source": {"crossref": 775, "openalex": 1553, "europepmc": 762}}
