2026-05-19 11:45:05,214 INFO Empty-text DOIs to recover titles for: 868
2026-05-19 11:45:05,214 INFO Already attempted (resuming): 0
2026-05-19 11:45:05,214 INFO To process this run: 868
2026-05-19 11:45:37,997 INFO [25/868] got=25 no_title=0 | CR=25 OA=0 EPMC=0
2026-05-19 11:46:11,722 INFO [50/868] got=50 no_title=0 | CR=50 OA=0 EPMC=0
2026-05-19 11:46:45,615 INFO [75/868] got=75 no_title=0 | CR=75 OA=0 EPMC=0
2026-05-19 11:47:19,332 INFO [100/868] got=100 no_title=0 | CR=100 OA=0 EPMC=0
2026-05-19 11:47:53,159 INFO [125/868] got=125 no_title=0 | CR=125 OA=0 EPMC=0
2026-05-19 11:48:27,408 INFO [150/868] got=150 no_title=0 | CR=150 OA=0 EPMC=0
2026-05-19 11:49:01,271 INFO [175/868] got=175 no_title=0 | CR=175 OA=0 EPMC=0
2026-05-19 11:49:35,113 INFO [200/868] got=200 no_title=0 | CR=200 OA=0 EPMC=0
2026-05-19 11:50:09,316 INFO [225/868] got=225 no_title=0 | CR=225 OA=0 EPMC=0
2026-05-19 11:50:42,983 INFO [250/868] got=250 no_title=0 | CR=250 OA=0 EPMC=0
2026-05-19 11:51:16,899 INFO [275/868] got=275 no_title=0 | CR=275 OA=0 EPMC=0
2026-05-19 11:51:50,565 INFO [300/868] got=300 no_title=0 | CR=300 OA=0 EPMC=0
2026-05-19 11:52:24,914 INFO [325/868] got=325 no_title=0 | CR=325 OA=0 EPMC=0
2026-05-19 11:52:58,602 INFO [350/868] got=350 no_title=0 | CR=350 OA=0 EPMC=0
2026-05-19 11:53:42,959 INFO [375/868] got=375 no_title=0 | CR=375 OA=0 EPMC=0
2026-05-19 11:54:16,605 INFO [400/868] got=400 no_title=0 | CR=400 OA=0 EPMC=0
2026-05-19 11:54:50,614 INFO [425/868] got=425 no_title=0 | CR=425 OA=0 EPMC=0
2026-05-19 11:55:24,558 INFO [450/868] got=450 no_title=0 | CR=450 OA=0 EPMC=0
2026-05-19 11:55:59,397 INFO [475/868] got=475 no_title=0 | CR=475 OA=0 EPMC=0
2026-05-19 11:56:33,079 INFO [500/868] got=500 no_title=0 | CR=500 OA=0 EPMC=0
2026-05-19 11:57:13,690 INFO [525/868] got=525 no_title=0 | CR=525 OA=0 EPMC=0
2026-05-19 11:57:47,657 INFO [550/868] got=550 no_title=0 | CR=550 OA=0 EPMC=0
2026-05-19 11:58:21,510 INFO [575/868] got=575 no_title=0 | CR=575 OA=0 EPMC=0
2026-05-19 11:58:55,602 INFO [600/868] got=600 no_title=0 | CR=600 OA=0 EPMC=0
2026-05-19 11:59:29,945 INFO [625/868] got=625 no_title=0 | CR=625 OA=0 EPMC=0
2026-05-19 12:00:03,770 INFO [650/868] got=650 no_title=0 | CR=650 OA=0 EPMC=0
2026-05-19 12:00:37,607 INFO [675/868] got=675 no_title=0 | CR=675 OA=0 EPMC=0
2026-05-19 12:01:11,443 INFO [700/868] got=700 no_title=0 | CR=700 OA=0 EPMC=0
2026-05-19 12:01:45,145 INFO [725/868] got=725 no_title=0 | CR=725 OA=0 EPMC=0
2026-05-19 12:02:18,892 INFO [750/868] got=750 no_title=0 | CR=750 OA=0 EPMC=0
2026-05-19 12:02:52,777 INFO [775/868] got=775 no_title=0 | CR=775 OA=0 EPMC=0
2026-05-19 12:03:26,550 INFO [800/868] got=800 no_title=0 | CR=800 OA=0 EPMC=0
2026-05-19 12:04:00,235 INFO [825/868] got=825 no_title=0 | CR=825 OA=0 EPMC=0
2026-05-19 12:04:33,909 INFO [850/868] got=850 no_title=0 | CR=850 OA=0 EPMC=0
2026-05-19 12:05:11,298 INFO [868/868] got=860 no_title=8 | CR=860 OA=0 EPMC=0
2026-05-19 12:05:12,300 INFO Done.
2026-05-19 12:05:12,300 INFO Final stats: {"got_title": 860, "no_title": 8, "by_source": {"crossref": 860, "openalex": 0, "europepmc": 0, "none": 8}}
