{"ts": "2026-05-11T17:08:52Z", "event": "prepare", "n_records": 146, "n_batches": 30, "skipped": 0}
{"ts": "2026-05-11T17:26:11Z", "event": "verdict_accepted", "record_id": "http://zotero.org/users/19517875/items/43BE3C4Q", "verdict": "stay_OUT", "confidence": "high", "escape_flag": null, "batch": "batch_0001.json"}
{"ts": "2026-05-11T17:26:11Z", "event": "verdict_accepted", "record_id": "http://zotero.org/users/19517875/items/AM7IGLKF", "verdict": "stay_OUT", "confidence": "high", "escape_flag": null, "batch": "batch_0001.json"}
{"ts": "2026-05-11T17:26:11Z", "event": "verdict_accepted", "record_id": "http://zotero.org/users/19517875/items/RCL3WZV2", "verdict": "stay_OUT", "confidence": "high", "escape_flag": null, "batch": "batch_0001.json"}
{"ts": "2026-05-11T17:26:11Z", "event": "verdict_accepted", "record_id": "http://zotero.org/users/19517875/items/ZTYNY3IN", "verdict": "stay_OUT", "confidence": "high", "escape_flag": null, "batch": "batch_0001.json"}
{"ts": "2026-05-11T17:26:11Z", "event": "verdict_accepted", "record_id": "http://zotero.org/users/19517875/items/VJKBVFU4", "verdict": "stay_OUT", "confidence": "high", "escape_flag": null, "batch": "batch_0001.json"}
{"ts": "2026-05-11T17:26:11Z", "event": "verdict_accepted", "record_id": "http://zotero.org/users/19517875/items/2ISTY584", "verdict": "stay_OUT", "confidence": "high", "escape_flag": null, "batch": "batch_0002.json"}
{"ts": "2026-05-11T17:26:11Z", "event": "verdict_accepted", "record_id": "http://zotero.org/users/19517875/items/TGGSWY4W", "verdict": "stay_OUT", "confidence": "high", "escape_flag": null, "batch": "batch_0002.json"}
{"ts": "2026-05-11T17:26:11Z", "event": "verdict_accepted", "record_id": "http://zotero.org/users/19517875/items/6YKBFCM6", "verdict": "stay_OUT", "confidence": "high", "escape_flag": null, "batch": "batch_0002.json"}
{"ts": "2026-05-11T17:26:11Z", "event": "verdict_accepted", "record_id": "http://zotero.org/users/19517875/items/6GMSXFTQ", "verdict": "stay_OUT", "confidence": "high", "escape_flag": null, "batch": "batch_0002.json"}
{"ts": "2026-05-11T17:26:11Z", "event": "verdict_accepted", "record_id": "http://zotero.org/users/19517875/items/CDVVMG8X", "verdict": "stay_OUT", "confidence": "high", "escape_flag": null, "batch": "batch_0002.json"}
{"ts": "2026-05-11T17:26:11Z", "event": "verdict_accepted", "record_id": "http://zotero.org/users/19517875/items/XQ3HGV45", "verdict": "stay_OUT", "confidence": "high", "escape_flag": null, "batch": "batch_0003.json"}
{"ts": "2026-05-11T17:26:11Z", "event": "verdict_accepted", "record_id": "http://zotero.org/users/19517875/items/FDKAT6YJ", "verdict": "stay_OUT", "confidence": "high", "escape_flag": null, "batch": "batch_0003.json"}
{"ts": "2026-05-11T17:26:11Z", "event": "verdict_accepted", "record_id": "http://zotero.org/users/19517875/items/A629JTPG", "verdict": "stay_OUT", "confidence": "high", "escape_flag": null, "batch": "batch_0003.json"}
{"ts": "2026-05-11T17:26:11Z", "event": "verdict_accepted", "record_id": "http://zotero.org/users/19517875/items/DZVWSH83", "verdict": "stay_OUT", "confidence": "high", "escape_flag": null, "batch": "batch_0003.json"}
{"ts": "2026-05-11T17:26:11Z", "event": "verdict_accepted", "record_id": "http://zotero.org/users/19517875/items/UXHPG3HT", "verdict": "stay_OUT", "confidence": "high", "escape_flag": null, "batch": "batch_0003.json"}
{"ts": "2026-05-11T17:26:11Z", "event": "verdict_accepted", "record_id": "http://zotero.org/users/19517875/items/HIGUDH43", "verdict": "stay_OUT", "confidence": "high", "escape_flag": null, "batch": "batch_0004.json"}
{"ts": "2026-05-11T17:26:11Z", "event": "verdict_accepted", "record_id": "http://zotero.org/users/19517875/items/L4UUGW3A", "verdict": "stay_OUT", "confidence": "high", "escape_flag": null, "batch": "batch_0004.json"}
{"ts": "2026-05-11T17:26:11Z", "event": "verdict_accepted", "record_id": "http://zotero.org/users/19517875/items/URDAYTWA", "verdict": "stay_OUT", "confidence": "high", "escape_flag": null, "batch": "batch_0004.json"}
{"ts": "2026-05-11T17:26:11Z", "event": "verdict_accepted", "record_id": "http://zotero.org/users/19517875/items/GUB955IQ", "verdict": "stay_OUT", "confidence": "high", "escape_flag": null, "batch": "batch_0004.json"}
{"ts": "2026-05-11T17:26:11Z", "event": "verdict_accepted", "record_id": "http://zotero.org/users/19517875/items/BHTDX56G", "verdict": "stay_OUT", "confidence": "high", "escape_flag": null, "batch": "batch_0004.json"}
{"ts": "2026-05-11T17:26:11Z", "event": "verdict_accepted", "record_id": "http://zotero.org/users/19517875/items/DLK3Y2EW", "verdict": "stay_OUT", "confidence": "high", "escape_flag": null, "batch": "batch_0005.json"}
{"ts": "2026-05-11T17:26:11Z", "event": "verdict_accepted", "record_id": "http://zotero.org/users/19517875/items/3A7DHDGP", "verdict": "stay_OUT", "confidence": "high", "escape_flag": null, "batch": "batch_0005.json"}
{"ts": "2026-05-11T17:26:11Z", "event": "verdict_accepted", "record_id": "http://zotero.org/users/19517875/items/V2S6KN82", "verdict": "stay_OUT", "confidence": "high", "escape_flag": null, "batch": "batch_0005.json"}
{"ts": "2026-05-11T17:26:11Z", "event": "verdict_accepted", "record_id": "http://zotero.org/users/19517875/items/BHBCGB5U", "verdict": "stay_OUT", "confidence": "high", "escape_flag": null, "batch": "batch_0005.json"}
{"ts": "2026-05-11T17:26:11Z", "event": "verdict_accepted", "record_id": "http://zotero.org/users/19517875/items/ZH8EALRX", "verdict": "stay_OUT", "confidence": "high", "escape_flag": null, "batch": "batch_0005.json"}
{"ts": "2026-05-11T17:26:11Z", "event": "verdict_accepted", "record_id": "http://zotero.org/users/19517875/items/KUY8MN66", "verdict": "stay_OUT", "confidence": "high", "escape_flag": null, "batch": "batch_0006.json"}
{"ts": "2026-05-11T17:26:11Z", "event": "verdict_accepted", "record_id": "http://zotero.org/users/19517875/items/4XRQ4S4A", "verdict": "stay_OUT", "confidence": "high", "escape_flag": null, "batch": "batch_0006.json"}
{"ts": "2026-05-11T17:26:11Z", "event": "verdict_accepted", "record_id": "http://zotero.org/users/19517875/items/7ZNGB5JP", "verdict": "stay_OUT", "confidence": "high", "escape_flag": null, "batch": "batch_0006.json"}
{"ts": "2026-05-11T17:26:11Z", "event": "verdict_accepted", "record_id": "http://zotero.org/users/19517875/items/PJCSZ6TW", "verdict": "stay_OUT", "confidence": "high", "escape_flag": null, "batch": "batch_0006.json"}
{"ts": "2026-05-11T17:26:11Z", "event": "verdict_accepted", "record_id": "http://zotero.org/users/19517875/items/GN4669XD", "verdict": "stay_OUT", "confidence": "high", "escape_flag": null, "batch": "batch_0006.json"}
{"ts": "2026-05-11T17:26:11Z", "event": "verdict_accepted", "record_id": "http://zotero.org/users/19517875/items/V45C8CBM", "verdict": "stay_OUT", "confidence": "high", "escape_flag": null, "batch": "batch_0007.json"}
{"ts": "2026-05-11T17:26:11Z", "event": "verdict_accepted", "record_id": "http://zotero.org/users/19517875/items/NJ9WHMNW", "verdict": "stay_OUT", "confidence": "high", "escape_flag": null, "batch": "batch_0007.json"}
{"ts": "2026-05-11T17:26:11Z", "event": "verdict_accepted", "record_id": "http://zotero.org/users/19517875/items/Z3CLLD8D", "verdict": "stay_OUT", "confidence": "high", "escape_flag": null, "batch": "batch_0007.json"}
{"ts": "2026-05-11T17:26:11Z", "event": "verdict_accepted", "record_id": "http://zotero.org/users/19517875/items/8A4EMA4H", "verdict": "stay_OUT", "confidence": "high", "escape_flag": null, "batch": "batch_0007.json"}
{"ts": "2026-05-11T17:26:11Z", "event": "verdict_accepted", "record_id": "http://zotero.org/users/19517875/items/3JDU4LLJ", "verdict": "stay_OUT", "confidence": "high", "escape_flag": null, "batch": "batch_0007.json"}
{"ts": "2026-05-11T17:26:11Z", "event": "verdict_accepted", "record_id": "http://zotero.org/users/19517875/items/G9KCX7IJ", "verdict": "stay_OUT", "confidence": "high", "escape_flag": null, "batch": "batch_0008.json"}
{"ts": "2026-05-11T17:26:11Z", "event": "verdict_accepted", "record_id": "http://zotero.org/users/19517875/items/3MR28ZLQ", "verdict": "stay_OUT", "confidence": "high", "escape_flag": null, "batch": "batch_0008.json"}
{"ts": "2026-05-11T17:26:11Z", "event": "verdict_accepted", "record_id": "http://zotero.org/users/19517875/items/LFXHKMII", "verdict": "stay_OUT", "confidence": "high", "escape_flag": null, "batch": "batch_0008.json"}
{"ts": "2026-05-11T17:26:11Z", "event": "verdict_accepted", "record_id": "http://zotero.org/users/19517875/items/LS2JK9MW", "verdict": "promote_to_IN", "confidence": "high", "escape_flag": null, "batch": "batch_0008.json"}
{"ts": "2026-05-11T17:26:11Z", "event": "verdict_accepted", "record_id": "http://zotero.org/users/19517875/items/8DSIDEZD", "verdict": "stay_OUT", "confidence": "high", "escape_flag": null, "batch": "batch_0008.json"}
{"ts": "2026-05-11T17:26:11Z", "event": "verdict_accepted", "record_id": "http://zotero.org/users/19517875/items/V5TRHQZI", "verdict": "stay_OUT", "confidence": "high", "escape_flag": null, "batch": "batch_0009.json"}
{"ts": "2026-05-11T17:26:11Z", "event": "verdict_accepted", "record_id": "http://zotero.org/users/19517875/items/68CECIMR", "verdict": "stay_OUT", "confidence": "high", "escape_flag": null, "batch": "batch_0009.json"}
{"ts": "2026-05-11T17:26:11Z", "event": "verdict_accepted", "record_id": "http://zotero.org/users/19517875/items/V98A2C6F", "verdict": "stay_OUT", "confidence": "high", "escape_flag": null, "batch": "batch_0009.json"}
{"ts": "2026-05-11T17:26:11Z", "event": "verdict_accepted", "record_id": "http://zotero.org/users/19517875/items/6IV86RD3", "verdict": "stay_OUT", "confidence": "high", "escape_flag": null, "batch": "batch_0009.json"}
{"ts": "2026-05-11T17:26:11Z", "event": "verdict_accepted", "record_id": "http://zotero.org/users/19517875/items/DUS8HQPZ", "verdict": "stay_OUT", "confidence": "high", "escape_flag": null, "batch": "batch_0009.json"}
{"ts": "2026-05-11T17:26:11Z", "event": "verdict_accepted", "record_id": "http://zotero.org/users/19517875/items/TWT2W3LW", "verdict": "stay_OUT", "confidence": "high", "escape_flag": null, "batch": "batch_0010.json"}
{"ts": "2026-05-11T17:26:11Z", "event": "verdict_accepted", "record_id": "http://zotero.org/users/19517875/items/HV4FQB3I", "verdict": "stay_OUT", "confidence": "high", "escape_flag": null, "batch": "batch_0010.json"}
{"ts": "2026-05-11T17:26:11Z", "event": "verdict_accepted", "record_id": "http://zotero.org/users/19517875/items/CAUXIRN2", "verdict": "stay_OUT", "confidence": "high", "escape_flag": null, "batch": "batch_0010.json"}
{"ts": "2026-05-11T17:26:11Z", "event": "verdict_accepted", "record_id": "http://zotero.org/users/19517875/items/J7NJYUXU", "verdict": "stay_OUT", "confidence": "high", "escape_flag": null, "batch": "batch_0010.json"}
{"ts": "2026-05-11T17:26:11Z", "event": "verdict_accepted", "record_id": "http://zotero.org/users/19517875/items/XWSMEZDC", "verdict": "stay_OUT", "confidence": "high", "escape_flag": null, "batch": "batch_0010.json"}
{"ts": "2026-05-11T17:26:11Z", "event": "verdict_accepted", "record_id": "http://zotero.org/users/19517875/items/LQGWZ2DI", "verdict": "stay_OUT", "confidence": "high", "escape_flag": null, "batch": "batch_0011.json"}
{"ts": "2026-05-11T17:26:11Z", "event": "verdict_accepted", "record_id": "http://zotero.org/users/19517875/items/AWRPLSFE", "verdict": "stay_OUT", "confidence": "high", "escape_flag": null, "batch": "batch_0011.json"}
{"ts": "2026-05-11T17:26:11Z", "event": "verdict_accepted", "record_id": "http://zotero.org/users/19517875/items/4A3ACMFU", "verdict": "promote_to_IN", "confidence": "high", "escape_flag": null, "batch": "batch_0011.json"}
{"ts": "2026-05-11T17:26:11Z", "event": "verdict_accepted", "record_id": "http://zotero.org/users/19517875/items/QAR888N6", "verdict": "stay_OUT", "confidence": "high", "escape_flag": null, "batch": "batch_0011.json"}
{"ts": "2026-05-11T17:26:11Z", "event": "verdict_accepted", "record_id": "http://zotero.org/users/19517875/items/84LLEWTW", "verdict": "stay_OUT", "confidence": "high", "escape_flag": null, "batch": "batch_0011.json"}
{"ts": "2026-05-11T17:26:11Z", "event": "verdict_accepted", "record_id": "http://zotero.org/users/19517875/items/WMS888AS", "verdict": "stay_OUT", "confidence": "high", "escape_flag": null, "batch": "batch_0012.json"}
{"ts": "2026-05-11T17:26:11Z", "event": "verdict_accepted", "record_id": "http://zotero.org/users/19517875/items/P53WLJLC", "verdict": "stay_OUT", "confidence": "high", "escape_flag": null, "batch": "batch_0012.json"}
{"ts": "2026-05-11T17:26:11Z", "event": "verdict_accepted", "record_id": "http://zotero.org/users/19517875/items/DKHG2MWR", "verdict": "stay_OUT", "confidence": "high", "escape_flag": null, "batch": "batch_0012.json"}
{"ts": "2026-05-11T17:26:11Z", "event": "verdict_accepted", "record_id": "http://zotero.org/users/19517875/items/QJPVWEYF", "verdict": "stay_OUT", "confidence": "high", "escape_flag": null, "batch": "batch_0012.json"}
{"ts": "2026-05-11T17:26:11Z", "event": "verdict_accepted", "record_id": "http://zotero.org/users/19517875/items/L83EWGQM", "verdict": "stay_OUT", "confidence": "high", "escape_flag": null, "batch": "batch_0012.json"}
{"ts": "2026-05-11T17:26:11Z", "event": "verdict_accepted", "record_id": "http://zotero.org/users/19517875/items/H2FAPXJ6", "verdict": "stay_OUT", "confidence": "high", "escape_flag": null, "batch": "batch_0013.json"}
{"ts": "2026-05-11T17:26:11Z", "event": "verdict_accepted", "record_id": "http://zotero.org/users/19517875/items/EMTR8XLJ", "verdict": "stay_OUT", "confidence": "high", "escape_flag": null, "batch": "batch_0013.json"}
{"ts": "2026-05-11T17:26:11Z", "event": "verdict_accepted", "record_id": "http://zotero.org/users/19517875/items/TZ9H2WNR", "verdict": "stay_OUT", "confidence": "high", "escape_flag": null, "batch": "batch_0013.json"}
{"ts": "2026-05-11T17:26:11Z", "event": "verdict_accepted", "record_id": "http://zotero.org/users/19517875/items/7I9IBYUM", "verdict": "stay_OUT", "confidence": "high", "escape_flag": null, "batch": "batch_0013.json"}
{"ts": "2026-05-11T17:26:11Z", "event": "verdict_accepted", "record_id": "http://zotero.org/users/19517875/items/GR5VVJ6V", "verdict": "stay_OUT", "confidence": "high", "escape_flag": null, "batch": "batch_0013.json"}
{"ts": "2026-05-11T17:26:11Z", "event": "verdict_accepted", "record_id": "http://zotero.org/users/19517875/items/G64SJAQA", "verdict": "stay_OUT", "confidence": "high", "escape_flag": null, "batch": "batch_0014.json"}
{"ts": "2026-05-11T17:26:11Z", "event": "verdict_accepted", "record_id": "http://zotero.org/users/19517875/items/CQY8VKHE", "verdict": "stay_OUT", "confidence": "high", "escape_flag": null, "batch": "batch_0014.json"}
{"ts": "2026-05-11T17:26:11Z", "event": "verdict_accepted", "record_id": "http://zotero.org/users/19517875/items/F4ZNCHSN", "verdict": "stay_OUT", "confidence": "high", "escape_flag": null, "batch": "batch_0014.json"}
{"ts": "2026-05-11T17:26:11Z", "event": "verdict_accepted", "record_id": "http://zotero.org/users/19517875/items/ULIITPVB", "verdict": "stay_OUT", "confidence": "high", "escape_flag": null, "batch": "batch_0014.json"}
{"ts": "2026-05-11T17:26:11Z", "event": "verdict_accepted", "record_id": "http://zotero.org/users/19517875/items/KHWUD2PB", "verdict": "stay_OUT", "confidence": "high", "escape_flag": null, "batch": "batch_0014.json"}
{"ts": "2026-05-11T17:26:11Z", "event": "verdict_accepted", "record_id": "http://zotero.org/users/19517875/items/WYV7XB3P", "verdict": "stay_OUT", "confidence": "high", "escape_flag": null, "batch": "batch_0015.json"}
{"ts": "2026-05-11T17:26:11Z", "event": "verdict_accepted", "record_id": "http://zotero.org/users/19517875/items/34PNKKYA", "verdict": "stay_OUT", "confidence": "high", "escape_flag": null, "batch": "batch_0015.json"}
{"ts": "2026-05-11T17:26:11Z", "event": "verdict_accepted", "record_id": "http://zotero.org/users/19517875/items/7MIEWLWE", "verdict": "stay_OUT", "confidence": "high", "escape_flag": null, "batch": "batch_0015.json"}
{"ts": "2026-05-11T17:26:11Z", "event": "verdict_accepted", "record_id": "http://zotero.org/users/19517875/items/L2X6SIJY", "verdict": "stay_OUT", "confidence": "high", "escape_flag": null, "batch": "batch_0015.json"}
{"ts": "2026-05-11T17:26:11Z", "event": "verdict_accepted", "record_id": "http://zotero.org/users/19517875/items/6HCA5MK3", "verdict": "stay_OUT", "confidence": "high", "escape_flag": null, "batch": "batch_0015.json"}
{"ts": "2026-05-11T17:26:11Z", "event": "verdict_accepted", "record_id": "http://zotero.org/users/19517875/items/6AWEHXFN", "verdict": "stay_OUT", "confidence": "high", "escape_flag": null, "batch": "batch_0016.json"}
{"ts": "2026-05-11T17:26:11Z", "event": "verdict_accepted", "record_id": "http://zotero.org/users/19517875/items/RKKRS8VH", "verdict": "stay_OUT", "confidence": "high", "escape_flag": null, "batch": "batch_0016.json"}
{"ts": "2026-05-11T17:26:11Z", "event": "verdict_accepted", "record_id": "http://zotero.org/users/19517875/items/ZHBJH525", "verdict": "stay_OUT", "confidence": "high", "escape_flag": null, "batch": "batch_0016.json"}
{"ts": "2026-05-11T17:26:11Z", "event": "verdict_accepted", "record_id": "http://zotero.org/users/19517875/items/D4J6QNKN", "verdict": "stay_OUT", "confidence": "high", "escape_flag": null, "batch": "batch_0016.json"}
{"ts": "2026-05-11T17:26:11Z", "event": "verdict_accepted", "record_id": "http://zotero.org/users/19517875/items/3ZHIBI2T", "verdict": "stay_OUT", "confidence": "high", "escape_flag": null, "batch": "batch_0016.json"}
{"ts": "2026-05-11T17:26:11Z", "event": "verdict_accepted", "record_id": "http://zotero.org/users/19517875/items/N57S4AFL", "verdict": "stay_OUT", "confidence": "high", "escape_flag": null, "batch": "batch_0017.json"}
{"ts": "2026-05-11T17:26:11Z", "event": "verdict_accepted", "record_id": "http://zotero.org/users/19517875/items/AHIFDJ3F", "verdict": "stay_OUT", "confidence": "high", "escape_flag": null, "batch": "batch_0017.json"}
{"ts": "2026-05-11T17:26:11Z", "event": "verdict_accepted", "record_id": "http://zotero.org/users/19517875/items/EJQKGJ3M", "verdict": "stay_OUT", "confidence": "high", "escape_flag": null, "batch": "batch_0017.json"}
{"ts": "2026-05-11T17:26:11Z", "event": "verdict_accepted", "record_id": "http://zotero.org/users/19517875/items/IYJASCT7", "verdict": "stay_OUT", "confidence": "high", "escape_flag": null, "batch": "batch_0017.json"}
{"ts": "2026-05-11T17:26:11Z", "event": "verdict_accepted", "record_id": "http://zotero.org/users/19517875/items/3Y7AGV2Z", "verdict": "stay_OUT", "confidence": "high", "escape_flag": null, "batch": "batch_0017.json"}
{"ts": "2026-05-11T17:26:11Z", "event": "verdict_accepted", "record_id": "http://zotero.org/users/19517875/items/UMMDN9AJ", "verdict": "stay_OUT", "confidence": "high", "escape_flag": null, "batch": "batch_0018.json"}
{"ts": "2026-05-11T17:26:11Z", "event": "verdict_accepted", "record_id": "http://zotero.org/users/19517875/items/9DZEA676", "verdict": "stay_OUT", "confidence": "high", "escape_flag": null, "batch": "batch_0018.json"}
{"ts": "2026-05-11T17:26:11Z", "event": "verdict_accepted", "record_id": "http://zotero.org/users/19517875/items/U9S4KDSC", "verdict": "stay_OUT", "confidence": "high", "escape_flag": null, "batch": "batch_0018.json"}
{"ts": "2026-05-11T17:26:11Z", "event": "verdict_accepted", "record_id": "http://zotero.org/users/19517875/items/JQPRKMT6", "verdict": "stay_OUT", "confidence": "high", "escape_flag": null, "batch": "batch_0018.json"}
{"ts": "2026-05-11T17:26:11Z", "event": "verdict_accepted", "record_id": "http://zotero.org/users/19517875/items/SZIHV3W3", "verdict": "promote_to_IN", "confidence": "high", "escape_flag": null, "batch": "batch_0018.json"}
{"ts": "2026-05-11T17:26:11Z", "event": "verdict_accepted", "record_id": "http://zotero.org/users/19517875/items/NHQA6I3B", "verdict": "stay_OUT", "confidence": "high", "escape_flag": null, "batch": "batch_0019.json"}
{"ts": "2026-05-11T17:26:11Z", "event": "verdict_accepted", "record_id": "http://zotero.org/users/19517875/items/3R54NIY6", "verdict": "stay_OUT", "confidence": "high", "escape_flag": null, "batch": "batch_0019.json"}
{"ts": "2026-05-11T17:26:11Z", "event": "verdict_accepted", "record_id": "http://zotero.org/users/19517875/items/8IZ9R2JP", "verdict": "stay_OUT", "confidence": "high", "escape_flag": null, "batch": "batch_0019.json"}
{"ts": "2026-05-11T17:26:11Z", "event": "verdict_accepted", "record_id": "http://zotero.org/users/19517875/items/TDX49QB2", "verdict": "stay_OUT", "confidence": "high", "escape_flag": null, "batch": "batch_0019.json"}
{"ts": "2026-05-11T17:26:11Z", "event": "verdict_accepted", "record_id": "http://zotero.org/users/19517875/items/V6Y6LIUR", "verdict": "stay_OUT", "confidence": "high", "escape_flag": null, "batch": "batch_0019.json"}
{"ts": "2026-05-11T17:26:11Z", "event": "verdict_accepted", "record_id": "http://zotero.org/users/19517875/items/ALE4MZGI", "verdict": "stay_OUT", "confidence": "high", "escape_flag": null, "batch": "batch_0020.json"}
{"ts": "2026-05-11T17:26:11Z", "event": "verdict_accepted", "record_id": "http://zotero.org/users/19517875/items/JZI4REZA", "verdict": "stay_OUT", "confidence": "high", "escape_flag": null, "batch": "batch_0020.json"}
{"ts": "2026-05-11T17:26:11Z", "event": "verdict_accepted", "record_id": "http://zotero.org/users/19517875/items/XNA8Y6JE", "verdict": "stay_OUT", "confidence": "high", "escape_flag": null, "batch": "batch_0020.json"}
{"ts": "2026-05-11T17:26:11Z", "event": "verdict_accepted", "record_id": "http://zotero.org/users/19517875/items/HWHX948A", "verdict": "stay_OUT", "confidence": "high", "escape_flag": null, "batch": "batch_0020.json"}
{"ts": "2026-05-11T17:26:11Z", "event": "verdict_accepted", "record_id": "http://zotero.org/users/19517875/items/JNQYL6XB", "verdict": "stay_OUT", "confidence": "high", "escape_flag": null, "batch": "batch_0020.json"}
{"ts": "2026-05-11T17:26:11Z", "event": "verdict_accepted", "record_id": "http://zotero.org/users/19517875/items/TJTTIB3M", "verdict": "stay_OUT", "confidence": "high", "escape_flag": null, "batch": "batch_0021.json"}
{"ts": "2026-05-11T17:26:11Z", "event": "verdict_accepted", "record_id": "http://zotero.org/users/19517875/items/5WLWJJRF", "verdict": "stay_OUT", "confidence": "high", "escape_flag": null, "batch": "batch_0021.json"}
{"ts": "2026-05-11T17:26:11Z", "event": "verdict_accepted", "record_id": "http://zotero.org/users/19517875/items/8Z8TZ8D7", "verdict": "promote_to_IN", "confidence": "high", "escape_flag": null, "batch": "batch_0021.json"}
{"ts": "2026-05-11T17:26:11Z", "event": "verdict_accepted", "record_id": "http://zotero.org/users/19517875/items/ZJ5J92KE", "verdict": "stay_OUT", "confidence": "high", "escape_flag": null, "batch": "batch_0021.json"}
{"ts": "2026-05-11T17:26:11Z", "event": "verdict_accepted", "record_id": "http://zotero.org/users/19517875/items/2GFPSPEV", "verdict": "stay_OUT", "confidence": "high", "escape_flag": null, "batch": "batch_0021.json"}
{"ts": "2026-05-11T17:26:11Z", "event": "verdict_accepted", "record_id": "http://zotero.org/users/19517875/items/V8C429EH", "verdict": "stay_OUT", "confidence": "high", "escape_flag": null, "batch": "batch_0022.json"}
{"ts": "2026-05-11T17:26:11Z", "event": "verdict_accepted", "record_id": "http://zotero.org/users/19517875/items/XAXUQW29", "verdict": "stay_OUT", "confidence": "high", "escape_flag": null, "batch": "batch_0022.json"}
{"ts": "2026-05-11T17:26:11Z", "event": "verdict_accepted", "record_id": "http://zotero.org/users/19517875/items/QR8GGPID", "verdict": "stay_OUT", "confidence": "high", "escape_flag": null, "batch": "batch_0022.json"}
{"ts": "2026-05-11T17:26:11Z", "event": "verdict_accepted", "record_id": "http://zotero.org/users/19517875/items/J57EPKC8", "verdict": "stay_OUT", "confidence": "high", "escape_flag": null, "batch": "batch_0022.json"}
{"ts": "2026-05-11T17:26:11Z", "event": "verdict_accepted", "record_id": "http://zotero.org/users/19517875/items/AZ6UYYB2", "verdict": "stay_OUT", "confidence": "high", "escape_flag": null, "batch": "batch_0022.json"}
{"ts": "2026-05-11T17:26:11Z", "event": "verdict_accepted", "record_id": "http://zotero.org/users/19517875/items/VUYXSJFN", "verdict": "stay_OUT", "confidence": "high", "escape_flag": null, "batch": "batch_0023.json"}
{"ts": "2026-05-11T17:26:11Z", "event": "verdict_accepted", "record_id": "http://zotero.org/users/19517875/items/EUVYZ7ZA", "verdict": "stay_OUT", "confidence": "high", "escape_flag": null, "batch": "batch_0023.json"}
{"ts": "2026-05-11T17:26:11Z", "event": "verdict_accepted", "record_id": "http://zotero.org/users/19517875/items/QNUT8FI4", "verdict": "stay_OUT", "confidence": "high", "escape_flag": null, "batch": "batch_0023.json"}
{"ts": "2026-05-11T17:26:11Z", "event": "verdict_accepted", "record_id": "http://zotero.org/users/19517875/items/GBESKQHK", "verdict": "stay_OUT", "confidence": "high", "escape_flag": null, "batch": "batch_0023.json"}
{"ts": "2026-05-11T17:26:11Z", "event": "verdict_accepted", "record_id": "http://zotero.org/users/19517875/items/KGZ6DPCS", "verdict": "stay_OUT", "confidence": "high", "escape_flag": null, "batch": "batch_0023.json"}
{"ts": "2026-05-11T17:26:11Z", "event": "verdict_accepted", "record_id": "http://zotero.org/users/19517875/items/LPY55NPE", "verdict": "stay_OUT", "confidence": "high", "escape_flag": null, "batch": "batch_0024.json"}
{"ts": "2026-05-11T17:26:11Z", "event": "verdict_accepted", "record_id": "http://zotero.org/users/19517875/items/P4E752XU", "verdict": "stay_OUT", "confidence": "high", "escape_flag": null, "batch": "batch_0024.json"}
{"ts": "2026-05-11T17:26:11Z", "event": "verdict_accepted", "record_id": "http://zotero.org/users/19517875/items/TD4MYJF6", "verdict": "stay_OUT", "confidence": "high", "escape_flag": null, "batch": "batch_0024.json"}
{"ts": "2026-05-11T17:26:11Z", "event": "verdict_accepted", "record_id": "http://zotero.org/users/19517875/items/G8DJGTI9", "verdict": "stay_OUT", "confidence": "high", "escape_flag": null, "batch": "batch_0024.json"}
{"ts": "2026-05-11T17:26:11Z", "event": "verdict_accepted", "record_id": "http://zotero.org/users/19517875/items/ESA46XWJ", "verdict": "stay_OUT", "confidence": "high", "escape_flag": null, "batch": "batch_0024.json"}
{"ts": "2026-05-11T17:26:11Z", "event": "verdict_accepted", "record_id": "http://zotero.org/users/19517875/items/FIVMYJSJ", "verdict": "stay_OUT", "confidence": "high", "escape_flag": null, "batch": "batch_0025.json"}
{"ts": "2026-05-11T17:26:11Z", "event": "verdict_accepted", "record_id": "http://zotero.org/users/19517875/items/RW4A6JMK", "verdict": "stay_OUT", "confidence": "high", "escape_flag": null, "batch": "batch_0025.json"}
{"ts": "2026-05-11T17:26:11Z", "event": "verdict_accepted", "record_id": "http://zotero.org/users/19517875/items/X5II28BE", "verdict": "stay_OUT", "confidence": "high", "escape_flag": null, "batch": "batch_0025.json"}
{"ts": "2026-05-11T17:26:11Z", "event": "verdict_accepted", "record_id": "http://zotero.org/users/19517875/items/95N3W43L", "verdict": "stay_OUT", "confidence": "high", "escape_flag": null, "batch": "batch_0025.json"}
{"ts": "2026-05-11T17:26:11Z", "event": "verdict_accepted", "record_id": "http://zotero.org/users/19517875/items/Z3ZI3QZE", "verdict": "stay_OUT", "confidence": "high", "escape_flag": null, "batch": "batch_0025.json"}
{"ts": "2026-05-11T17:26:11Z", "event": "verdict_accepted", "record_id": "http://zotero.org/users/19517875/items/98D2PCLX", "verdict": "stay_OUT", "confidence": "high", "escape_flag": null, "batch": "batch_0026.json"}
{"ts": "2026-05-11T17:26:11Z", "event": "verdict_accepted", "record_id": "http://zotero.org/users/19517875/items/3KBR26XT", "verdict": "stay_OUT", "confidence": "high", "escape_flag": null, "batch": "batch_0026.json"}
{"ts": "2026-05-11T17:26:11Z", "event": "verdict_accepted", "record_id": "http://zotero.org/users/19517875/items/HFCJ9MEC", "verdict": "stay_OUT", "confidence": "high", "escape_flag": null, "batch": "batch_0026.json"}
{"ts": "2026-05-11T17:26:11Z", "event": "verdict_accepted", "record_id": "http://zotero.org/users/19517875/items/EZQ75MW8", "verdict": "stay_OUT", "confidence": "high", "escape_flag": null, "batch": "batch_0026.json"}
{"ts": "2026-05-11T17:26:11Z", "event": "verdict_accepted", "record_id": "http://zotero.org/users/19517875/items/TK4BB935", "verdict": "stay_OUT", "confidence": "high", "escape_flag": null, "batch": "batch_0026.json"}
{"ts": "2026-05-11T17:26:11Z", "event": "verdict_accepted", "record_id": "http://zotero.org/users/19517875/items/TADZFYG3", "verdict": "stay_OUT", "confidence": "high", "escape_flag": null, "batch": "batch_0027.json"}
{"ts": "2026-05-11T17:26:11Z", "event": "verdict_accepted", "record_id": "http://zotero.org/users/19517875/items/YBT8VMP3", "verdict": "stay_OUT", "confidence": "high", "escape_flag": null, "batch": "batch_0027.json"}
{"ts": "2026-05-11T17:26:11Z", "event": "verdict_accepted", "record_id": "http://zotero.org/users/19517875/items/6VZEISB5", "verdict": "stay_OUT", "confidence": "high", "escape_flag": null, "batch": "batch_0027.json"}
{"ts": "2026-05-11T17:26:11Z", "event": "verdict_accepted", "record_id": "http://zotero.org/users/19517875/items/DD5YT5U2", "verdict": "stay_OUT", "confidence": "high", "escape_flag": null, "batch": "batch_0027.json"}
{"ts": "2026-05-11T17:26:11Z", "event": "verdict_accepted", "record_id": "http://zotero.org/users/19517875/items/7MK4P893", "verdict": "stay_OUT", "confidence": "high", "escape_flag": null, "batch": "batch_0027.json"}
{"ts": "2026-05-11T17:26:11Z", "event": "verdict_accepted", "record_id": "http://zotero.org/users/19517875/items/HH28V6BR", "verdict": "stay_OUT", "confidence": "high", "escape_flag": null, "batch": "batch_0028.json"}
{"ts": "2026-05-11T17:26:11Z", "event": "verdict_accepted", "record_id": "http://zotero.org/users/19517875/items/QWTCGQVX", "verdict": "stay_OUT", "confidence": "high", "escape_flag": null, "batch": "batch_0028.json"}
{"ts": "2026-05-11T17:26:11Z", "event": "verdict_accepted", "record_id": "http://zotero.org/users/19517875/items/E8ARXTRG", "verdict": "stay_OUT", "confidence": "high", "escape_flag": null, "batch": "batch_0028.json"}
{"ts": "2026-05-11T17:26:11Z", "event": "verdict_accepted", "record_id": "http://zotero.org/users/19517875/items/PLXR5DDY", "verdict": "stay_OUT", "confidence": "high", "escape_flag": null, "batch": "batch_0028.json"}
{"ts": "2026-05-11T17:26:11Z", "event": "verdict_accepted", "record_id": "http://zotero.org/users/19517875/items/UYF2D6JY", "verdict": "stay_OUT", "confidence": "high", "escape_flag": null, "batch": "batch_0028.json"}
{"ts": "2026-05-11T17:26:11Z", "event": "verdict_accepted", "record_id": "http://zotero.org/users/19517875/items/6PI7L7VA", "verdict": "stay_OUT", "confidence": "high", "escape_flag": null, "batch": "batch_0029.json"}
{"ts": "2026-05-11T17:26:11Z", "event": "verdict_accepted", "record_id": "http://zotero.org/users/19517875/items/R24H35JM", "verdict": "stay_OUT", "confidence": "high", "escape_flag": null, "batch": "batch_0029.json"}
{"ts": "2026-05-11T17:26:11Z", "event": "verdict_accepted", "record_id": "http://zotero.org/users/19517875/items/JBU6MXDC", "verdict": "stay_OUT", "confidence": "high", "escape_flag": null, "batch": "batch_0029.json"}
{"ts": "2026-05-11T17:26:11Z", "event": "verdict_accepted", "record_id": "http://zotero.org/users/19517875/items/VPQ8EVS6", "verdict": "stay_OUT", "confidence": "high", "escape_flag": null, "batch": "batch_0029.json"}
{"ts": "2026-05-11T17:26:11Z", "event": "verdict_accepted", "record_id": "http://zotero.org/users/19517875/items/E3XJFSVX", "verdict": "stay_OUT", "confidence": "high", "escape_flag": null, "batch": "batch_0029.json"}
{"ts": "2026-05-11T17:26:11Z", "event": "verdict_accepted", "record_id": "http://zotero.org/users/19517875/items/27ZZDAZU", "verdict": "stay_OUT", "confidence": "high", "escape_flag": null, "batch": "batch_0030.json"}
